// Jest Snapshot v1, https://goo.gl/fbAQLP

exports[`Popover renders 1`] = `
Array [
  <div
    onClick={[Function]}
    onKeyDown={[Function]}
    role="menu"
    tabIndex={-1}
  >
    <button
      className="sc-kkeJPq fSsWMv"
      size="small"
      variant="primary"
    >
      <div
        className="Button__InnerContainer-sc-1xtdszg-0 gwKSbc"
      >
        Toggle Popover
      </div>
    </button>
  </div>,
  <div
    className="box"
    tabIndex={-1}
  >
    <div
      className="layout__PopoverContainer-xkxm8d-0 jxwpHY"
    >
      <div>
        <div
          className="p-8 space-y-4"
        >
          <h3
            className="Heading-sc-1jzu9kp-0 iDonBR"
            color="bulma.100"
            size={20}
          >
            Agents
          </h3>
          <p
            className="Text-oby56-0 jGwOrz"
            color="bulma.100"
            size={14}
          >
            Lorem ipsum dolor sit amet, consectetur adipiscing elit, sed do eiusmod tempor incididunt ut labore et dolore magna aliqua. Ut enim ad minim veniam, quis nostrud exercitation ullamco laboris nisi ut aliquip ex ea commodo consequat. Duis aute irure dolor in reprehenderit in voluptate velit esse cillum dolore eu fugiat nulla pariatur. Ex
          </p>
        </div>
        <div
          className="Container-srtaaf-0 axSMo"
          size="small"
        >
          <div
            className="RightWrapper-vueweo-0 gbyagB"
          >
            <div
              className="ButtonWrapper-k744ak-0 hAMHfy"
            >
              <button
                className="sc-kkeJPq kJgChL"
                size="xsmall"
                variant="primary"
              >
                <div
                  className="Button__InnerContainer-sc-1xtdszg-0 gwKSbc"
                >
                  Button
                </div>
              </button>
            </div>
            <div
              className="ButtonWrapper-k744ak-0 hAMHfy"
            >
              <button
                className="sc-kkeJPq hjfdNF"
                size="xsmall"
                variant="tertiary"
              >
                <div
                  className="Button__InnerContainer-sc-1xtdszg-0 gwKSbc"
                >
                  Button
                </div>
              </button>
            </div>
          </div>
          <div
            className="ButtonWrapper-k744ak-0 hAMHfy"
          >
            <button
              className="sc-kkeJPq kjiwPt"
              size="xsmall"
              variant="secondary"
            >
              <div
                className="Button__InnerContainer-sc-1xtdszg-0 gwKSbc"
              >
                Button
              </div>
            </button>
          </div>
        </div>
      </div>
    </div>
  </div>,
]
`;
