// Jest Snapshot v1, https://goo.gl/fbAQLP

exports[`Loader renders 1`] = `
<div
  className="Inline-sc-1rz1cju-0 kwswbg"
>
  <strong
    className="Container-sc-12rktgh-0 jyJfhm"
    role="progressbar"
  >
    <span
      className="LoaderRing-sc-17wll29-0 ieQBLB"
    />
    <span
      className="LoaderRing-sc-17wll29-0 cOhRov"
    />
    <span
      className="LoaderRing-sc-17wll29-0 kDfQgs"
    />
    <span
      className="LoaderRing-sc-17wll29-0 cxVlqD"
    />
  </strong>
  <strong
    className="Container-sc-12rktgh-0 jyJfhm"
    role="progressbar"
  >
    <span
      className="LoaderRing-sc-17wll29-0 gPaUOj"
      color="piccolo.100"
    />
    <span
      className="LoaderRing-sc-17wll29-0 hgfhDh"
      color="piccolo.100"
    />
    <span
      className="LoaderRing-sc-17wll29-0 eHdIJW"
      color="piccolo.100"
    />
    <span
      className="LoaderRing-sc-17wll29-0 kLEoTh"
      color="piccolo.100"
    />
  </strong>
</div>
`;

exports[`Loader renders with different colours 1`] = `
<div
  className="Inline-sc-1rz1cju-0 kwswbg"
>
  <strong
    className="Container-sc-12rktgh-0 jyJfhm"
    role="progressbar"
  >
    <span
      className="LoaderRing-sc-17wll29-0 bvmeml"
      color="dodoria.100"
    />
    <span
      className="LoaderRing-sc-17wll29-0 jZyUEX"
      color="dodoria.100"
    />
    <span
      className="LoaderRing-sc-17wll29-0 lcIcBc"
      color="dodoria.100"
    />
    <span
      className="LoaderRing-sc-17wll29-0 fRNkKj"
      color="dodoria.100"
    />
  </strong>
  <strong
    className="Container-sc-12rktgh-0 jyJfhm"
    role="progressbar"
  >
    <span
      className="LoaderRing-sc-17wll29-0 cRLBzJ"
      color="trunks.100"
    />
    <span
      className="LoaderRing-sc-17wll29-0 dLReJz"
      color="trunks.100"
    />
    <span
      className="LoaderRing-sc-17wll29-0 tRyEQ"
      color="trunks.100"
    />
    <span
      className="LoaderRing-sc-17wll29-0 fdZQgn"
      color="trunks.100"
    />
  </strong>
  <strong
    className="Container-sc-12rktgh-0 jyJfhm"
    role="progressbar"
  >
    <span
      className="LoaderRing-sc-17wll29-0 hQVtHO"
      color="#663399"
    />
    <span
      className="LoaderRing-sc-17wll29-0 jhOXnQ"
      color="#663399"
    />
    <span
      className="LoaderRing-sc-17wll29-0 fGjxUH"
      color="#663399"
    />
    <span
      className="LoaderRing-sc-17wll29-0 bzIriE"
      color="#663399"
    />
  </strong>
</div>
`;
