// Jest Snapshot v1, https://goo.gl/fbAQLP

exports[`Linear Progress renders 1`] = `
<div
  className="flex justify-around items-center w-full"
>
  <div
    className="sc-hqMhxz lnDcLf"
  >
    <div
      className="sc-csDNRp pkiVL"
      value={30}
    />
    <div
      className="sc-hKugDw crJgsa"
    >
      <span>
        Progress
      </span>
    </div>
  </div>
  <div
    className="sc-hqMhxz lnDcLf"
  >
    <div
      className="sc-csDNRp iXKUug"
      height={5}
      value={30}
    />
    <div
      className="sc-hKugDw hCyeyp"
    >
      <span>
        Progress
      </span>
    </div>
  </div>
</div>
`;
