// Jest Snapshot v1, https://goo.gl/fbAQLP

exports[`Linear Progress renders 1`] = `
Array [
  <div
    className="sc-eItTMj kNuDDO"
  >
    <div
      className="sc-dZUlvJ bbOtlg"
      value={30}
    />
    <div
      className="sc-igYsKa bryzVO"
    >
      <span>
        Progress
      </span>
    </div>
  </div>,
  <div
    className="sc-eItTMj kNuDDO"
  >
    <div
      className="sc-dZUlvJ elckcT"
      height={5}
      value={30}
    />
    <div
      className="sc-igYsKa gLEkoR"
    >
      <span>
        Progress
      </span>
    </div>
  </div>,
]
`;
